2026-08-05 13:11:53 INFO [Predict_Feature] log file -> /home/aiuser/work/PonyOracle V5/predict.log
2026-08-05 13:11:53 INFO   [DAI][INSTRUMENTS][BEGIN] id=INSTRUMENTS-01 range=2024-01-01 00:00:00~2024-12-31 23:59:59 attempt=1/2
2026-08-05 13:11:53 INFO   [DAI][INSTRUMENTS][END] id=INSTRUMENTS-01 range=2024-01-01 00:00:00~2024-12-31 23:59:59 rows=242000 seconds=0.081
2026-08-05 13:11:53 INFO [Predict_Feature] start days=242 (2024-01-02 -> 2024-12-31) global_pools=1206 device=cuda bf16=True dai_chunk_days=30 forward=full_day
2026-08-05 13:11:53 INFO   [DAI][BLOCK][BEGIN] range=2024-01-02~2024-02-20 days=30 global_pools=1206
2026-08-05 13:11:59 INFO   [DAI][BAR][FINISH] id=BAR-0001 reason=prefetch scale=1m range=2024-01-02~2024-02-20 rows=8638560 returned_pools=1202 seconds=5.087
2026-08-05 13:12:01 INFO   [DAI][BAR][FINISH] id=BAR-0002 reason=prefetch scale=5m range=2023-12-26~2024-02-20 rows=1957536 returned_pools=1202 seconds=1.719
2026-08-05 13:12:02 INFO   [DAI][BAR][FINISH] id=BAR-0003 reason=prefetch scale=15m range=2023-12-12~2024-02-20 rows=843984 returned_pools=1202 seconds=0.872
2026-08-05 13:12:02 INFO   [DAI][BAR][FINISH] id=BAR-0004 reason=prefetch scale=30m range=2023-11-21~2024-02-20 rows=565552 returned_pools=1202 seconds=0.598
2026-08-05 13:12:02 INFO   [DAI][BLOCK][END] range=2024-01-02~2024-02-20 days=30 global_pools=1206
2026-08-05 13:12:02 INFO [Predict_Feature] prefetched 2024-01-02 -> 2024-02-20 seconds=8.689
2026-08-05 13:12:04 INFO [Predict_Feature] day=2024-01-02 (1/242) pool=1000 usable=994 device=cuda seconds=1.600
2026-08-05 13:12:05 INFO [Predict_Feature] day=2024-01-03 (2/242) pool=1000 usable=994 device=cuda seconds=1.625
2026-08-05 13:12:07 INFO [Predict_Feature] day=2024-01-04 (3/242) pool=1000 usable=994 device=cuda seconds=1.276
2026-08-05 13:12:08 INFO [Predict_Feature] day=2024-01-05 (4/242) pool=1000 usable=994 device=cuda seconds=1.301
2026-08-05 13:12:09 INFO [Predict_Feature] day=2024-01-08 (5/242) pool=1000 usable=994 device=cuda seconds=1.342
2026-08-05 13:12:11 INFO [Predict_Feature] day=2024-01-09 (6/242) pool=1000 usable=994 device=cuda seconds=1.321
2026-08-05 13:12:12 INFO [Predict_Feature] day=2024-01-10 (7/242) pool=1000 usable=995 device=cuda seconds=1.494
2026-08-05 13:12:14 INFO [Predict_Feature] day=2024-01-11 (8/242) pool=1000 usable=994 device=cuda seconds=1.550
2026-08-05 13:12:15 INFO [Predict_Feature] day=2024-01-12 (9/242) pool=1000 usable=994 device=cuda seconds=1.445
2026-08-05 13:12:17 INFO [Predict_Feature] day=2024-01-15 (10/242) pool=1000 usable=994 device=cuda seconds=1.610
2026-08-05 13:12:19 INFO [Predict_Feature] day=2024-01-16 (11/242) pool=1000 usable=994 device=cuda seconds=1.926
2026-08-05 13:12:20 INFO [Predict_Feature] day=2024-01-17 (12/242) pool=1000 usable=994 device=cuda seconds=1.646
2026-08-05 13:12:22 INFO [Predict_Feature] day=2024-01-18 (13/242) pool=1000 usable=994 device=cuda seconds=1.675
2026-08-05 13:12:23 INFO [Predict_Feature] day=2024-01-19 (14/242) pool=1000 usable=995 device=cuda seconds=1.357
2026-08-05 13:12:25 INFO [Predict_Feature] day=2024-01-22 (15/242) pool=1000 usable=995 device=cuda seconds=1.484
2026-08-05 13:12:26 INFO [Predict_Feature] day=2024-01-23 (16/242) pool=1000 usable=995 device=cuda seconds=1.318
2026-08-05 13:12:28 INFO [Predict_Feature] day=2024-01-24 (17/242) pool=1000 usable=995 device=cuda seconds=1.336
2026-08-05 13:12:29 INFO [Predict_Feature] day=2024-01-25 (18/242) pool=1000 usable=995 device=cuda seconds=1.339
2026-08-05 13:12:30 INFO [Predict_Feature] day=2024-01-26 (19/242) pool=1000 usable=995 device=cuda seconds=1.421
2026-08-05 13:12:32 INFO [Predict_Feature] day=2024-01-29 (20/242) pool=1000 usable=995 device=cuda seconds=1.460
2026-08-05 13:12:33 INFO [Predict_Feature] day=2024-01-30 (21/242) pool=1000 usable=995 device=cuda seconds=1.486
2026-08-05 13:12:35 INFO [Predict_Feature] day=2024-01-31 (22/242) pool=1000 usable=995 device=cuda seconds=1.432
2026-08-05 13:12:36 INFO [Predict_Feature] day=2024-02-01 (23/242) pool=1000 usable=996 device=cuda seconds=1.458
2026-08-05 13:12:38 INFO [Predict_Feature] day=2024-02-02 (24/242) pool=1000 usable=995 device=cuda seconds=1.439
2026-08-05 13:12:39 INFO [Predict_Feature] day=2024-02-05 (25/242) pool=1000 usable=995 device=cuda seconds=1.556
2026-08-05 13:12:40 INFO [Predict_Feature] day=2024-02-06 (26/242) pool=1000 usable=995 device=cuda seconds=1.316
2026-08-05 13:12:42 INFO [Predict_Feature] day=2024-02-07 (27/242) pool=1000 usable=995 device=cuda seconds=1.309
2026-08-05 13:12:43 INFO [Predict_Feature] day=2024-02-08 (28/242) pool=1000 usable=995 device=cuda seconds=1.405
2026-08-05 13:12:45 INFO [Predict_Feature] day=2024-02-19 (29/242) pool=1000 usable=995 device=cuda seconds=1.493
2026-08-05 13:12:46 INFO [Predict_Feature] day=2024-02-20 (30/242) pool=1000 usable=995 device=cuda seconds=1.518
2026-08-05 13:12:46 INFO   [DAI][BLOCK][BEGIN] range=2024-02-21~2024-04-02 days=30 global_pools=1206
2026-08-05 13:12:53 INFO   [DAI][BAR][FINISH] id=BAR-0005 reason=prefetch scale=1m range=2024-02-21~2024-04-02 rows=8651760 returned_pools=1203 seconds=6.302
2026-08-05 13:12:55 INFO   [DAI][BAR][FINISH] id=BAR-0006 reason=prefetch scale=5m range=2024-02-21~2024-04-02 rows=1730352 returned_pools=1203 seconds=1.589
2026-08-05 13:12:56 INFO   [DAI][BAR][FINISH] id=BAR-0007 reason=prefetch scale=15m range=2024-02-21~2024-04-02 rows=576784 returned_pools=1203 seconds=0.919
2026-08-05 13:12:56 INFO   [DAI][BAR][FINISH] id=BAR-0008 reason=prefetch scale=30m range=2024-02-21~2024-04-02 rows=288392 returned_pools=1203 seconds=0.398
2026-08-05 13:12:56 INFO   [DAI][BLOCK][END] range=2024-02-21~2024-04-02 days=30 global_pools=1206
2026-08-05 13:12:56 INFO [Predict_Feature] prefetched 2024-02-21 -> 2024-04-02 seconds=9.632
2026-08-05 13:12:57 INFO [Predict_Feature] day=2024-02-21 (31/242) pool=1000 usable=995 device=cuda seconds=1.462
2026-08-05 13:12:59 INFO [Predict_Feature] day=2024-02-22 (32/242) pool=1000 usable=995 device=cuda seconds=1.429
2026-08-05 13:13:00 INFO [Predict_Feature] day=2024-02-23 (33/242) pool=1000 usable=996 device=cuda seconds=1.472
2026-08-05 13:13:02 INFO [Predict_Feature] day=2024-02-26 (34/242) pool=1000 usable=996 device=cuda seconds=1.408
2026-08-05 13:13:03 INFO [Predict_Feature] day=2024-02-27 (35/242) pool=1000 usable=997 device=cuda seconds=1.617
2026-08-05 13:13:05 INFO [Predict_Feature] day=2024-02-28 (36/242) pool=1000 usable=998 device=cuda seconds=1.540
2026-08-05 13:13:06 INFO [Predict_Feature] day=2024-02-29 (37/242) pool=1000 usable=998 device=cuda seconds=1.487
2026-08-05 13:13:08 INFO [Predict_Feature] day=2024-03-01 (38/242) pool=1000 usable=998 device=cuda seconds=1.511
2026-08-05 13:13:10 INFO [Predict_Feature] day=2024-03-04 (39/242) pool=1000 usable=998 device=cuda seconds=1.588
2026-08-05 13:13:11 INFO [Predict_Feature] day=2024-03-05 (40/242) pool=1000 usable=998 device=cuda seconds=1.640
2026-08-05 13:13:13 INFO [Predict_Feature] day=2024-03-06 (41/242) pool=1000 usable=996 device=cuda seconds=1.470
2026-08-05 13:13:14 INFO [Predict_Feature] day=2024-03-07 (42/242) pool=1000 usable=996 device=cuda seconds=1.655
2026-08-05 13:13:16 INFO [Predict_Feature] day=2024-03-08 (43/242) pool=1000 usable=996 device=cuda seconds=1.439
2026-08-05 13:13:17 INFO [Predict_Feature] day=2024-03-11 (44/242) pool=1000 usable=995 device=cuda seconds=1.440
2026-08-05 13:13:19 INFO [Predict_Feature] day=2024-03-12 (45/242) pool=1000 usable=995 device=cuda seconds=1.311
2026-08-05 13:13:20 INFO [Predict_Feature] day=2024-03-13 (46/242) pool=1000 usable=995 device=cuda seconds=1.349
2026-08-05 13:13:21 INFO [Predict_Feature] day=2024-03-14 (47/242) pool=1000 usable=996 device=cuda seconds=1.364
2026-08-05 13:13:23 INFO [Predict_Feature] day=2024-03-15 (48/242) pool=1000 usable=996 device=cuda seconds=1.435
2026-08-05 13:13:24 INFO [Predict_Feature] day=2024-03-18 (49/242) pool=1000 usable=996 device=cuda seconds=1.535
2026-08-05 13:13:26 INFO [Predict_Feature] day=2024-03-19 (50/242) pool=1000 usable=996 device=cuda seconds=1.490
2026-08-05 13:13:27 INFO [Predict_Feature] day=2024-03-20 (51/242) pool=1000 usable=996 device=cuda seconds=1.473
2026-08-05 13:13:29 INFO [Predict_Feature] day=2024-03-21 (52/242) pool=1000 usable=996 device=cuda seconds=1.666
2026-08-05 13:13:30 INFO [Predict_Feature] day=2024-03-22 (53/242) pool=1000 usable=996 device=cuda seconds=1.461
2026-08-05 13:13:32 INFO [Predict_Feature] day=2024-03-25 (54/242) pool=1000 usable=996 device=cuda seconds=1.627
2026-08-05 13:13:33 INFO [Predict_Feature] day=2024-03-26 (55/242) pool=1000 usable=997 device=cuda seconds=1.297
2026-08-05 13:13:35 INFO [Predict_Feature] day=2024-03-27 (56/242) pool=1000 usable=997 device=cuda seconds=1.433
2026-08-05 13:13:36 INFO [Predict_Feature] day=2024-03-28 (57/242) pool=1000 usable=997 device=cuda seconds=1.303
2026-08-05 13:13:37 INFO [Predict_Feature] day=2024-03-29 (58/242) pool=1000 usable=997 device=cuda seconds=1.391
2026-08-05 13:13:39 INFO [Predict_Feature] day=2024-04-01 (59/242) pool=1000 usable=997 device=cuda seconds=1.366
2026-08-05 13:13:40 INFO [Predict_Feature] day=2024-04-02 (60/242) pool=1000 usable=997 device=cuda seconds=1.478
2026-08-05 13:13:40 INFO   [DAI][BLOCK][BEGIN] range=2024-04-03~2024-05-21 days=30 global_pools=1206
2026-08-05 13:13:46 INFO   [DAI][BAR][FINISH] id=BAR-0009 reason=prefetch scale=1m range=2024-04-03~2024-05-21 rows=8661360 returned_pools=1204 seconds=5.544
2026-08-05 13:13:48 INFO   [DAI][BAR][FINISH] id=BAR-0010 reason=prefetch scale=5m range=2024-04-03~2024-05-21 rows=1732272 returned_pools=1204 seconds=1.551
2026-08-05 13:13:48 INFO   [DAI][BAR][FINISH] id=BAR-0011 reason=prefetch scale=15m range=2024-04-03~2024-05-21 rows=577424 returned_pools=1204 seconds=0.628
2026-08-05 13:13:49 INFO   [DAI][BAR][FINISH] id=BAR-0012 reason=prefetch scale=30m range=2024-04-03~2024-05-21 rows=288712 returned_pools=1204 seconds=0.332
2026-08-05 13:13:49 INFO   [DAI][BLOCK][END] range=2024-04-03~2024-05-21 days=30 global_pools=1206
2026-08-05 13:13:49 INFO [Predict_Feature] prefetched 2024-04-03 -> 2024-05-21 seconds=8.472
2026-08-05 13:13:50 INFO [Predict_Feature] day=2024-04-03 (61/242) pool=1000 usable=997 device=cuda seconds=1.498
2026-08-05 13:13:52 INFO [Predict_Feature] day=2024-04-08 (62/242) pool=1000 usable=997 device=cuda seconds=1.448
2026-08-05 13:13:53 INFO [Predict_Feature] day=2024-04-09 (63/242) pool=1000 usable=997 device=cuda seconds=1.425
2026-08-05 13:13:55 INFO [Predict_Feature] day=2024-04-10 (64/242) pool=1000 usable=997 device=cuda seconds=1.275
2026-08-05 13:13:56 INFO [Predict_Feature] day=2024-04-11 (65/242) pool=1000 usable=997 device=cuda seconds=1.438
2026-08-05 13:13:57 INFO [Predict_Feature] day=2024-04-12 (66/242) pool=1000 usable=997 device=cuda seconds=1.455
2026-08-05 13:13:59 INFO [Predict_Feature] day=2024-04-15 (67/242) pool=1000 usable=997 device=cuda seconds=1.411
2026-08-05 13:14:00 INFO [Predict_Feature] day=2024-04-16 (68/242) pool=1000 usable=997 device=cuda seconds=1.416
2026-08-05 13:14:02 INFO [Predict_Feature] day=2024-04-17 (69/242) pool=1000 usable=997 device=cuda seconds=1.403
2026-08-05 13:14:03 INFO [Predict_Feature] day=2024-04-18 (70/242) pool=1000 usable=997 device=cuda seconds=1.474
2026-08-05 13:14:05 INFO [Predict_Feature] day=2024-04-19 (71/242) pool=1000 usable=997 device=cuda seconds=1.439
2026-08-05 13:14:06 INFO [Predict_Feature] day=2024-04-22 (72/242) pool=1000 usable=997 device=cuda seconds=1.347
2026-08-05 13:14:07 INFO [Predict_Feature] day=2024-04-23 (73/242) pool=1000 usable=997 device=cuda seconds=1.319
2026-08-05 13:14:09 INFO [Predict_Feature] day=2024-04-24 (74/242) pool=1000 usable=999 device=cuda seconds=1.546
2026-08-05 13:14:10 INFO [Predict_Feature] day=2024-04-25 (75/242) pool=1000 usable=998 device=cuda seconds=1.510
2026-08-05 13:14:12 INFO [Predict_Feature] day=2024-04-26 (76/242) pool=1000 usable=998 device=cuda seconds=1.479
2026-08-05 13:14:13 INFO [Predict_Feature] day=2024-04-29 (77/242) pool=1000 usable=996 device=cuda seconds=1.510
2026-08-05 13:14:15 INFO [Predict_Feature] day=2024-04-30 (78/242) pool=1000 usable=988 device=cuda seconds=1.561
2026-08-05 13:14:17 INFO [Predict_Feature] day=2024-05-06 (79/242) pool=1000 usable=988 device=cuda seconds=1.719
2026-08-05 13:14:18 INFO [Predict_Feature] day=2024-05-07 (80/242) pool=1000 usable=988 device=cuda seconds=1.570
2026-08-05 13:14:20 INFO [Predict_Feature] day=2024-05-08 (81/242) pool=1000 usable=988 device=cuda seconds=1.690
2026-08-05 13:14:21 INFO [Predict_Feature] day=2024-05-09 (82/242) pool=1000 usable=988 device=cuda seconds=1.396
2026-08-05 13:14:22 INFO [Predict_Feature] day=2024-05-10 (83/242) pool=1000 usable=988 device=cuda seconds=1.256
2026-08-05 13:14:24 INFO [Predict_Feature] day=2024-05-13 (84/242) pool=1000 usable=988 device=cuda seconds=1.299
2026-08-05 13:14:25 INFO [Predict_Feature] day=2024-05-14 (85/242) pool=1000 usable=991 device=cuda seconds=1.417
2026-08-05 13:14:27 INFO [Predict_Feature] day=2024-05-15 (86/242) pool=1000 usable=991 device=cuda seconds=1.362
2026-08-05 13:14:28 INFO [Predict_Feature] day=2024-05-16 (87/242) pool=1000 usable=991 device=cuda seconds=1.543
2026-08-05 13:14:30 INFO [Predict_Feature] day=2024-05-17 (88/242) pool=1000 usable=991 device=cuda seconds=1.398
2026-08-05 13:14:31 INFO [Predict_Feature] day=2024-05-20 (89/242) pool=1000 usable=990 device=cuda seconds=1.413
2026-08-05 13:14:32 INFO [Predict_Feature] day=2024-05-21 (90/242) pool=1000 usable=990 device=cuda seconds=1.438
2026-08-05 13:14:33 INFO   [DAI][BLOCK][BEGIN] range=2024-05-22~2024-07-03 days=30 global_pools=1206
2026-08-05 13:14:39 INFO   [DAI][BAR][FINISH] id=BAR-0013 reason=prefetch scale=1m range=2024-05-22~2024-07-03 rows=8654880 returned_pools=1204 seconds=6.202
2026-08-05 13:14:41 INFO   [DAI][BAR][FINISH] id=BAR-0014 reason=prefetch scale=5m range=2024-05-22~2024-07-03 rows=1730976 returned_pools=1204 seconds=1.504
2026-08-05 13:14:41 INFO   [DAI][BAR][FINISH] id=BAR-0015 reason=prefetch scale=15m range=2024-05-22~2024-07-03 rows=576992 returned_pools=1204 seconds=0.687
2026-08-05 13:14:42 INFO   [DAI][BAR][FINISH] id=BAR-0016 reason=prefetch scale=30m range=2024-05-22~2024-07-03 rows=288496 returned_pools=1204 seconds=0.345
2026-08-05 13:14:42 INFO   [DAI][BLOCK][END] range=2024-05-22~2024-07-03 days=30 global_pools=1206
2026-08-05 13:14:42 INFO [Predict_Feature] prefetched 2024-05-22 -> 2024-07-03 seconds=9.120
2026-08-05 13:14:43 INFO [Predict_Feature] day=2024-05-22 (91/242) pool=1000 usable=990 device=cuda seconds=1.546
2026-08-05 13:14:45 INFO [Predict_Feature] day=2024-05-23 (92/242) pool=1000 usable=990 device=cuda seconds=1.567
2026-08-05 13:14:46 INFO [Predict_Feature] day=2024-05-24 (93/242) pool=1000 usable=990 device=cuda seconds=1.491
2026-08-05 13:14:48 INFO [Predict_Feature] day=2024-05-27 (94/242) pool=1000 usable=990 device=cuda seconds=1.605
2026-08-05 13:14:49 INFO [Predict_Feature] day=2024-05-28 (95/242) pool=1000 usable=990 device=cuda seconds=1.477
2026-08-05 13:14:51 INFO [Predict_Feature] day=2024-05-29 (96/242) pool=1000 usable=989 device=cuda seconds=1.403
2026-08-05 13:14:52 INFO [Predict_Feature] day=2024-05-30 (97/242) pool=1000 usable=989 device=cuda seconds=1.408
2026-08-05 13:14:54 INFO [Predict_Feature] day=2024-05-31 (98/242) pool=1000 usable=989 device=cuda seconds=1.640
2026-08-05 13:14:56 INFO [Predict_Feature] day=2024-06-03 (99/242) pool=1000 usable=989 device=cuda seconds=1.906
2026-08-05 13:14:57 INFO [Predict_Feature] day=2024-06-04 (100/242) pool=1000 usable=989 device=cuda seconds=1.630
2026-08-05 13:14:59 INFO [Predict_Feature] day=2024-06-05 (101/242) pool=1000 usable=989 device=cuda seconds=1.637
2026-08-05 13:15:01 INFO [Predict_Feature] day=2024-06-06 (102/242) pool=1000 usable=989 device=cuda seconds=1.690
2026-08-05 13:15:02 INFO [Predict_Feature] day=2024-06-07 (103/242) pool=1000 usable=989 device=cuda seconds=1.530
2026-08-05 13:15:04 INFO [Predict_Feature] day=2024-06-11 (104/242) pool=1000 usable=989 device=cuda seconds=1.386
2026-08-05 13:15:05 INFO [Predict_Feature] day=2024-06-12 (105/242) pool=1000 usable=989 device=cuda seconds=1.553
2026-08-05 13:15:07 INFO [Predict_Feature] day=2024-06-13 (106/242) pool=1000 usable=989 device=cuda seconds=1.378
2026-08-05 13:15:08 INFO [Predict_Feature] day=2024-06-14 (107/242) pool=1000 usable=989 device=cuda seconds=1.542
2026-08-05 13:15:10 INFO [Predict_Feature] day=2024-06-17 (108/242) pool=1000 usable=998 device=cuda seconds=1.416
2026-08-05 13:15:11 INFO [Predict_Feature] day=2024-06-18 (109/242) pool=1000 usable=998 device=cuda seconds=1.449
2026-08-05 13:15:12 INFO [Predict_Feature] day=2024-06-19 (110/242) pool=1000 usable=998 device=cuda seconds=1.419
2026-08-05 13:15:14 INFO [Predict_Feature] day=2024-06-20 (111/242) pool=1000 usable=998 device=cuda seconds=1.419
2026-08-05 13:15:15 INFO [Predict_Feature] day=2024-06-21 (112/242) pool=1000 usable=998 device=cuda seconds=1.385
2026-08-05 13:15:17 INFO [Predict_Feature] day=2024-06-24 (113/242) pool=1000 usable=997 device=cuda seconds=1.561
2026-08-05 13:15:18 INFO [Predict_Feature] day=2024-06-25 (114/242) pool=1000 usable=997 device=cuda seconds=1.379
2026-08-05 13:15:20 INFO [Predict_Feature] day=2024-06-26 (115/242) pool=1000 usable=997 device=cuda seconds=1.423
2026-08-05 13:15:21 INFO [Predict_Feature] day=2024-06-27 (116/242) pool=1000 usable=997 device=cuda seconds=1.434
2026-08-05 13:15:23 INFO [Predict_Feature] day=2024-06-28 (117/242) pool=1000 usable=997 device=cuda seconds=1.466
2026-08-05 13:15:24 INFO [Predict_Feature] day=2024-07-01 (118/242) pool=1000 usable=997 device=cuda seconds=1.711
2026-08-05 13:15:26 INFO [Predict_Feature] day=2024-07-02 (119/242) pool=1000 usable=997 device=cuda seconds=1.347
2026-08-05 13:15:27 INFO [Predict_Feature] day=2024-07-03 (120/242) pool=1000 usable=998 device=cuda seconds=1.497
2026-08-05 13:15:27 INFO   [DAI][BLOCK][BEGIN] range=2024-07-04~2024-08-14 days=30 global_pools=1206
2026-08-05 13:15:33 INFO   [DAI][BAR][FINISH] id=BAR-0017 reason=prefetch scale=1m range=2024-07-04~2024-08-14 rows=8649840 returned_pools=1203 seconds=5.704
2026-08-05 13:15:35 INFO   [DAI][BAR][FINISH] id=BAR-0018 reason=prefetch scale=5m range=2024-07-04~2024-08-14 rows=1729968 returned_pools=1203 seconds=1.414
2026-08-05 13:15:35 INFO   [DAI][BAR][FINISH] id=BAR-0019 reason=prefetch scale=15m range=2024-07-04~2024-08-14 rows=576656 returned_pools=1203 seconds=0.602
2026-08-05 13:15:36 INFO   [DAI][BAR][FINISH] id=BAR-0020 reason=prefetch scale=30m range=2024-07-04~2024-08-14 rows=288328 returned_pools=1203 seconds=0.335
2026-08-05 13:15:36 INFO   [DAI][BLOCK][END] range=2024-07-04~2024-08-14 days=30 global_pools=1206
2026-08-05 13:15:36 INFO [Predict_Feature] prefetched 2024-07-04 -> 2024-08-14 seconds=8.461
2026-08-05 13:15:37 INFO [Predict_Feature] day=2024-07-04 (121/242) pool=1000 usable=998 device=cuda seconds=1.551
2026-08-05 13:15:39 INFO [Predict_Feature] day=2024-07-05 (122/242) pool=1000 usable=998 device=cuda seconds=1.411
2026-08-05 13:15:40 INFO [Predict_Feature] day=2024-07-08 (123/242) pool=1000 usable=998 device=cuda seconds=1.468
2026-08-05 13:15:42 INFO [Predict_Feature] day=2024-07-09 (124/242) pool=1000 usable=998 device=cuda seconds=1.406
2026-08-05 13:15:43 INFO [Predict_Feature] day=2024-07-10 (125/242) pool=1000 usable=998 device=cuda seconds=1.480
2026-08-05 13:15:45 INFO [Predict_Feature] day=2024-07-11 (126/242) pool=1000 usable=998 device=cuda seconds=1.469
2026-08-05 13:15:46 INFO [Predict_Feature] day=2024-07-12 (127/242) pool=1000 usable=998 device=cuda seconds=1.507
2026-08-05 13:15:48 INFO [Predict_Feature] day=2024-07-15 (128/242) pool=1000 usable=998 device=cuda seconds=1.540
2026-08-05 13:15:49 INFO [Predict_Feature] day=2024-07-16 (129/242) pool=1000 usable=998 device=cuda seconds=1.624
2026-08-05 13:15:51 INFO [Predict_Feature] day=2024-07-17 (130/242) pool=1000 usable=998 device=cuda seconds=1.328
2026-08-05 13:15:52 INFO [Predict_Feature] day=2024-07-18 (131/242) pool=1000 usable=997 device=cuda seconds=1.383
2026-08-05 13:15:53 INFO [Predict_Feature] day=2024-07-19 (132/242) pool=1000 usable=997 device=cuda seconds=1.360
2026-08-05 13:15:55 INFO [Predict_Feature] day=2024-07-22 (133/242) pool=1000 usable=997 device=cuda seconds=1.347
2026-08-05 13:15:56 INFO [Predict_Feature] day=2024-07-23 (134/242) pool=1000 usable=997 device=cuda seconds=1.393
2026-08-05 13:15:57 INFO [Predict_Feature] day=2024-07-24 (135/242) pool=1000 usable=998 device=cuda seconds=1.309
2026-08-05 13:15:59 INFO [Predict_Feature] day=2024-07-25 (136/242) pool=1000 usable=998 device=cuda seconds=1.361
2026-08-05 13:16:00 INFO [Predict_Feature] day=2024-07-26 (137/242) pool=1000 usable=998 device=cuda seconds=1.379
2026-08-05 13:16:02 INFO [Predict_Feature] day=2024-07-29 (138/242) pool=1000 usable=998 device=cuda seconds=1.403
2026-08-05 13:16:03 INFO [Predict_Feature] day=2024-07-30 (139/242) pool=1000 usable=998 device=cuda seconds=1.318
2026-08-05 13:16:04 INFO [Predict_Feature] day=2024-07-31 (140/242) pool=1000 usable=997 device=cuda seconds=1.323
2026-08-05 13:16:06 INFO [Predict_Feature] day=2024-08-01 (141/242) pool=1000 usable=996 device=cuda seconds=1.521
2026-08-05 13:16:07 INFO [Predict_Feature] day=2024-08-02 (142/242) pool=1000 usable=996 device=cuda seconds=1.584
2026-08-05 13:16:09 INFO [Predict_Feature] day=2024-08-05 (143/242) pool=1000 usable=996 device=cuda seconds=1.677
2026-08-05 13:16:11 INFO [Predict_Feature] day=2024-08-06 (144/242) pool=1000 usable=996 device=cuda seconds=1.777
2026-08-05 13:16:12 INFO [Predict_Feature] day=2024-08-07 (145/242) pool=1000 usable=997 device=cuda seconds=1.620
2026-08-05 13:16:14 INFO [Predict_Feature] day=2024-08-08 (146/242) pool=1000 usable=997 device=cuda seconds=1.317
2026-08-05 13:16:15 INFO [Predict_Feature] day=2024-08-09 (147/242) pool=1000 usable=997 device=cuda seconds=1.333
2026-08-05 13:16:16 INFO [Predict_Feature] day=2024-08-12 (148/242) pool=1000 usable=997 device=cuda seconds=1.368
2026-08-05 13:16:18 INFO [Predict_Feature] day=2024-08-13 (149/242) pool=1000 usable=997 device=cuda seconds=1.421
2026-08-05 13:16:19 INFO [Predict_Feature] day=2024-08-14 (150/242) pool=1000 usable=997 device=cuda seconds=1.385
2026-08-05 13:16:19 INFO   [DAI][BLOCK][BEGIN] range=2024-08-15~2024-09-27 days=30 global_pools=1206
2026-08-05 13:16:25 INFO   [DAI][BAR][FINISH] id=BAR-0021 reason=prefetch scale=1m range=2024-08-15~2024-09-27 rows=8653200 returned_pools=1202 seconds=5.603
2026-08-05 13:16:27 INFO   [DAI][BAR][FINISH] id=BAR-0022 reason=prefetch scale=5m range=2024-08-15~2024-09-27 rows=1730640 returned_pools=1202 seconds=1.367
2026-08-05 13:16:27 INFO   [DAI][BAR][FINISH] id=BAR-0023 reason=prefetch scale=15m range=2024-08-15~2024-09-27 rows=576880 returned_pools=1202 seconds=0.541
2026-08-05 13:16:28 INFO   [DAI][BAR][FINISH] id=BAR-0024 reason=prefetch scale=30m range=2024-08-15~2024-09-27 rows=288440 returned_pools=1202 seconds=0.396
2026-08-05 13:16:28 INFO   [DAI][BLOCK][END] range=2024-08-15~2024-09-27 days=30 global_pools=1206
2026-08-05 13:16:28 INFO [Predict_Feature] prefetched 2024-08-15 -> 2024-09-27 seconds=8.293
2026-08-05 13:16:29 INFO [Predict_Feature] day=2024-08-15 (151/242) pool=1000 usable=997 device=cuda seconds=1.489
2026-08-05 13:16:31 INFO [Predict_Feature] day=2024-08-16 (152/242) pool=1000 usable=997 device=cuda seconds=1.511
2026-08-05 13:16:32 INFO [Predict_Feature] day=2024-08-19 (153/242) pool=1000 usable=997 device=cuda seconds=1.610
2026-08-05 13:16:34 INFO [Predict_Feature] day=2024-08-20 (154/242) pool=1000 usable=997 device=cuda seconds=1.669
2026-08-05 13:16:35 INFO [Predict_Feature] day=2024-08-21 (155/242) pool=1000 usable=997 device=cuda seconds=1.523
2026-08-05 13:16:37 INFO [Predict_Feature] day=2024-08-22 (156/242) pool=1000 usable=997 device=cuda seconds=1.775
2026-08-05 13:16:39 INFO [Predict_Feature] day=2024-08-23 (157/242) pool=1000 usable=997 device=cuda seconds=1.711
2026-08-05 13:16:40 INFO [Predict_Feature] day=2024-08-26 (158/242) pool=1000 usable=998 device=cuda seconds=1.517
2026-08-05 13:16:42 INFO [Predict_Feature] day=2024-08-27 (159/242) pool=1000 usable=998 device=cuda seconds=1.824
2026-08-05 13:16:44 INFO [Predict_Feature] day=2024-08-28 (160/242) pool=1000 usable=998 device=cuda seconds=1.446
2026-08-05 13:16:45 INFO [Predict_Feature] day=2024-08-29 (161/242) pool=1000 usable=998 device=cuda seconds=1.592
2026-08-05 13:16:47 INFO [Predict_Feature] day=2024-08-30 (162/242) pool=1000 usable=998 device=cuda seconds=1.354
2026-08-05 13:16:48 INFO [Predict_Feature] day=2024-09-02 (163/242) pool=1000 usable=998 device=cuda seconds=1.457
2026-08-05 13:16:50 INFO [Predict_Feature] day=2024-09-03 (164/242) pool=1000 usable=998 device=cuda seconds=1.468
2026-08-05 13:16:51 INFO [Predict_Feature] day=2024-09-04 (165/242) pool=1000 usable=998 device=cuda seconds=1.495
2026-08-05 13:16:53 INFO [Predict_Feature] day=2024-09-05 (166/242) pool=1000 usable=998 device=cuda seconds=1.770
2026-08-05 13:16:54 INFO [Predict_Feature] day=2024-09-06 (167/242) pool=1000 usable=998 device=cuda seconds=1.551
2026-08-05 13:16:56 INFO [Predict_Feature] day=2024-09-09 (168/242) pool=1000 usable=998 device=cuda seconds=1.607
2026-08-05 13:16:58 INFO [Predict_Feature] day=2024-09-10 (169/242) pool=1000 usable=998 device=cuda seconds=1.533
2026-08-05 13:16:59 INFO [Predict_Feature] day=2024-09-11 (170/242) pool=1000 usable=999 device=cuda seconds=1.742
2026-08-05 13:17:01 INFO [Predict_Feature] day=2024-09-12 (171/242) pool=1000 usable=999 device=cuda seconds=1.425
2026-08-05 13:17:02 INFO [Predict_Feature] day=2024-09-13 (172/242) pool=1000 usable=999 device=cuda seconds=1.413
2026-08-05 13:17:04 INFO [Predict_Feature] day=2024-09-18 (173/242) pool=1000 usable=999 device=cuda seconds=1.383
2026-08-05 13:17:05 INFO [Predict_Feature] day=2024-09-19 (174/242) pool=1000 usable=999 device=cuda seconds=1.456
2026-08-05 13:17:06 INFO [Predict_Feature] day=2024-09-20 (175/242) pool=1000 usable=999 device=cuda seconds=1.370
2026-08-05 13:17:08 INFO [Predict_Feature] day=2024-09-23 (176/242) pool=1000 usable=999 device=cuda seconds=1.669
2026-08-05 13:17:10 INFO [Predict_Feature] day=2024-09-24 (177/242) pool=1000 usable=999 device=cuda seconds=1.619
2026-08-05 13:17:11 INFO [Predict_Feature] day=2024-09-25 (178/242) pool=1000 usable=999 device=cuda seconds=1.474
2026-08-05 13:17:13 INFO [Predict_Feature] day=2024-09-26 (179/242) pool=1000 usable=999 device=cuda seconds=1.674
2026-08-05 13:17:14 INFO [Predict_Feature] day=2024-09-27 (180/242) pool=1000 usable=1000 device=cuda seconds=1.626
2026-08-05 13:17:15 INFO   [DAI][BLOCK][BEGIN] range=2024-09-30~2024-11-15 days=30 global_pools=1206
2026-08-05 13:17:21 INFO   [DAI][BAR][FINISH] id=BAR-0025 reason=prefetch scale=1m range=2024-09-30~2024-11-15 rows=8640240 returned_pools=1202 seconds=6.183
2026-08-05 13:17:23 INFO   [DAI][BAR][FINISH] id=BAR-0026 reason=prefetch scale=5m range=2024-09-30~2024-11-15 rows=1728048 returned_pools=1202 seconds=1.457
2026-08-05 13:17:23 INFO   [DAI][BAR][FINISH] id=BAR-0027 reason=prefetch scale=15m range=2024-09-30~2024-11-15 rows=576016 returned_pools=1202 seconds=0.557
2026-08-05 13:17:24 INFO   [DAI][BAR][FINISH] id=BAR-0028 reason=prefetch scale=30m range=2024-09-30~2024-11-15 rows=288008 returned_pools=1202 seconds=0.325
2026-08-05 13:17:24 INFO   [DAI][BLOCK][END] range=2024-09-30~2024-11-15 days=30 global_pools=1206
2026-08-05 13:17:24 INFO [Predict_Feature] prefetched 2024-09-30 -> 2024-11-15 seconds=8.887
2026-08-05 13:17:25 INFO [Predict_Feature] day=2024-09-30 (181/242) pool=1000 usable=1000 device=cuda seconds=1.404
2026-08-05 13:17:26 INFO [Predict_Feature] day=2024-10-08 (182/242) pool=1000 usable=1000 device=cuda seconds=1.360
2026-08-05 13:17:28 INFO [Predict_Feature] day=2024-10-09 (183/242) pool=1000 usable=1000 device=cuda seconds=1.523
2026-08-05 13:17:29 INFO [Predict_Feature] day=2024-10-10 (184/242) pool=1000 usable=1000 device=cuda seconds=1.546
2026-08-05 13:17:31 INFO [Predict_Feature] day=2024-10-11 (185/242) pool=1000 usable=1000 device=cuda seconds=1.430
2026-08-05 13:17:32 INFO [Predict_Feature] day=2024-10-14 (186/242) pool=1000 usable=1000 device=cuda seconds=1.500
2026-08-05 13:17:34 INFO [Predict_Feature] day=2024-10-15 (187/242) pool=1000 usable=1000 device=cuda seconds=1.455
2026-08-05 13:17:35 INFO [Predict_Feature] day=2024-10-16 (188/242) pool=1000 usable=1000 device=cuda seconds=1.587
2026-08-05 13:17:37 INFO [Predict_Feature] day=2024-10-17 (189/242) pool=1000 usable=1000 device=cuda seconds=1.314
2026-08-05 13:17:38 INFO [Predict_Feature] day=2024-10-18 (190/242) pool=1000 usable=1000 device=cuda seconds=1.339
2026-08-05 13:17:39 INFO [Predict_Feature] day=2024-10-21 (191/242) pool=1000 usable=999 device=cuda seconds=1.378
2026-08-05 13:17:41 INFO [Predict_Feature] day=2024-10-22 (192/242) pool=1000 usable=998 device=cuda seconds=1.450
2026-08-05 13:17:42 INFO [Predict_Feature] day=2024-10-23 (193/242) pool=1000 usable=998 device=cuda seconds=1.529
2026-08-05 13:17:44 INFO [Predict_Feature] day=2024-10-24 (194/242) pool=1000 usable=998 device=cuda seconds=1.678
2026-08-05 13:17:46 INFO [Predict_Feature] day=2024-10-25 (195/242) pool=1000 usable=998 device=cuda seconds=1.536
2026-08-05 13:17:47 INFO [Predict_Feature] day=2024-10-28 (196/242) pool=1000 usable=998 device=cuda seconds=1.409
2026-08-05 13:17:48 INFO [Predict_Feature] day=2024-10-29 (197/242) pool=1000 usable=998 device=cuda seconds=1.388
2026-08-05 13:17:50 INFO [Predict_Feature] day=2024-10-30 (198/242) pool=1000 usable=998 device=cuda seconds=1.328
2026-08-05 13:17:51 INFO [Predict_Feature] day=2024-10-31 (199/242) pool=1000 usable=997 device=cuda seconds=1.460
2026-08-05 13:17:53 INFO [Predict_Feature] day=2024-11-01 (200/242) pool=1000 usable=997 device=cuda seconds=1.421
2026-08-05 13:17:54 INFO [Predict_Feature] day=2024-11-04 (201/242) pool=1000 usable=997 device=cuda seconds=1.259
2026-08-05 13:17:55 INFO [Predict_Feature] day=2024-11-05 (202/242) pool=1000 usable=996 device=cuda seconds=1.314
2026-08-05 13:17:57 INFO [Predict_Feature] day=2024-11-06 (203/242) pool=1000 usable=995 device=cuda seconds=1.305
2026-08-05 13:17:58 INFO [Predict_Feature] day=2024-11-07 (204/242) pool=1000 usable=995 device=cuda seconds=1.313
2026-08-05 13:17:59 INFO [Predict_Feature] day=2024-11-08 (205/242) pool=1000 usable=995 device=cuda seconds=1.343
2026-08-05 13:18:01 INFO [Predict_Feature] day=2024-11-11 (206/242) pool=1000 usable=995 device=cuda seconds=1.451
2026-08-05 13:18:02 INFO [Predict_Feature] day=2024-11-12 (207/242) pool=1000 usable=995 device=cuda seconds=1.596
2026-08-05 13:18:04 INFO [Predict_Feature] day=2024-11-13 (208/242) pool=1000 usable=995 device=cuda seconds=1.421
2026-08-05 13:18:05 INFO [Predict_Feature] day=2024-11-14 (209/242) pool=1000 usable=995 device=cuda seconds=1.489
2026-08-05 13:18:07 INFO [Predict_Feature] day=2024-11-15 (210/242) pool=1000 usable=995 device=cuda seconds=1.373
2026-08-05 13:18:07 INFO   [DAI][BLOCK][BEGIN] range=2024-11-18~2024-12-27 days=30 global_pools=1206
2026-08-05 13:18:13 INFO   [DAI][BAR][FINISH] id=BAR-0029 reason=prefetch scale=1m range=2024-11-18~2024-12-27 rows=8646240 returned_pools=1202 seconds=5.730
2026-08-05 13:18:14 INFO   [DAI][BAR][FINISH] id=BAR-0030 reason=prefetch scale=5m range=2024-11-18~2024-12-27 rows=1729248 returned_pools=1202 seconds=1.423
2026-08-05 13:18:15 INFO   [DAI][BAR][FINISH] id=BAR-0031 reason=prefetch scale=15m range=2024-11-18~2024-12-27 rows=576416 returned_pools=1202 seconds=0.671
2026-08-05 13:18:15 INFO   [DAI][BAR][FINISH] id=BAR-0032 reason=prefetch scale=30m range=2024-11-18~2024-12-27 rows=288208 returned_pools=1202 seconds=0.506
2026-08-05 13:18:15 INFO   [DAI][BLOCK][END] range=2024-11-18~2024-12-27 days=30 global_pools=1206
2026-08-05 13:18:15 INFO [Predict_Feature] prefetched 2024-11-18 -> 2024-12-27 seconds=8.718
2026-08-05 13:18:17 INFO [Predict_Feature] day=2024-11-18 (211/242) pool=1000 usable=995 device=cuda seconds=1.788
2026-08-05 13:18:19 INFO [Predict_Feature] day=2024-11-19 (212/242) pool=1000 usable=995 device=cuda seconds=1.544
2026-08-05 13:18:20 INFO [Predict_Feature] day=2024-11-20 (213/242) pool=1000 usable=995 device=cuda seconds=1.638
2026-08-05 13:18:22 INFO [Predict_Feature] day=2024-11-21 (214/242) pool=1000 usable=995 device=cuda seconds=1.598
2026-08-05 13:18:24 INFO [Predict_Feature] day=2024-11-22 (215/242) pool=1000 usable=995 device=cuda seconds=1.588
2026-08-05 13:18:25 INFO [Predict_Feature] day=2024-11-25 (216/242) pool=1000 usable=995 device=cuda seconds=1.396
2026-08-05 13:18:26 INFO [Predict_Feature] day=2024-11-26 (217/242) pool=1000 usable=995 device=cuda seconds=1.384
2026-08-05 13:18:28 INFO [Predict_Feature] day=2024-11-27 (218/242) pool=1000 usable=995 device=cuda seconds=1.389
2026-08-05 13:18:29 INFO [Predict_Feature] day=2024-11-28 (219/242) pool=1000 usable=994 device=cuda seconds=1.678
2026-08-05 13:18:31 INFO [Predict_Feature] day=2024-11-29 (220/242) pool=1000 usable=994 device=cuda seconds=1.670
2026-08-05 13:18:33 INFO [Predict_Feature] day=2024-12-02 (221/242) pool=1000 usable=994 device=cuda seconds=1.571
2026-08-05 13:18:35 INFO [Predict_Feature] day=2024-12-03 (222/242) pool=1000 usable=994 device=cuda seconds=1.902
2026-08-05 13:18:36 INFO [Predict_Feature] day=2024-12-04 (223/242) pool=1000 usable=993 device=cuda seconds=1.626
2026-08-05 13:18:38 INFO [Predict_Feature] day=2024-12-05 (224/242) pool=1000 usable=993 device=cuda seconds=1.473
2026-08-05 13:18:39 INFO [Predict_Feature] day=2024-12-06 (225/242) pool=1000 usable=993 device=cuda seconds=1.469
2026-08-05 13:18:41 INFO [Predict_Feature] day=2024-12-09 (226/242) pool=1000 usable=993 device=cuda seconds=1.472
2026-08-05 13:18:42 INFO [Predict_Feature] day=2024-12-10 (227/242) pool=1000 usable=993 device=cuda seconds=1.632
2026-08-05 13:18:44 INFO [Predict_Feature] day=2024-12-11 (228/242) pool=1000 usable=994 device=cuda seconds=1.323
2026-08-05 13:18:45 INFO [Predict_Feature] day=2024-12-12 (229/242) pool=1000 usable=995 device=cuda seconds=1.318
2026-08-05 13:18:46 INFO [Predict_Feature] day=2024-12-13 (230/242) pool=1000 usable=994 device=cuda seconds=1.375
2026-08-05 13:18:48 INFO [Predict_Feature] day=2024-12-16 (231/242) pool=1000 usable=996 device=cuda seconds=1.486
2026-08-05 13:18:49 INFO [Predict_Feature] day=2024-12-17 (232/242) pool=1000 usable=995 device=cuda seconds=1.370
2026-08-05 13:18:51 INFO [Predict_Feature] day=2024-12-18 (233/242) pool=1000 usable=995 device=cuda seconds=1.566
2026-08-05 13:18:52 INFO [Predict_Feature] day=2024-12-19 (234/242) pool=1000 usable=995 device=cuda seconds=1.656
2026-08-05 13:18:54 INFO [Predict_Feature] day=2024-12-20 (235/242) pool=1000 usable=995 device=cuda seconds=1.539
2026-08-05 13:18:55 INFO [Predict_Feature] day=2024-12-23 (236/242) pool=1000 usable=994 device=cuda seconds=1.527
2026-08-05 13:18:57 INFO [Predict_Feature] day=2024-12-24 (237/242) pool=1000 usable=994 device=cuda seconds=1.478
2026-08-05 13:18:59 INFO [Predict_Feature] day=2024-12-25 (238/242) pool=1000 usable=994 device=cuda seconds=1.547
2026-08-05 13:19:00 INFO [Predict_Feature] day=2024-12-26 (239/242) pool=1000 usable=994 device=cuda seconds=1.513
2026-08-05 13:19:01 INFO [Predict_Feature] day=2024-12-27 (240/242) pool=1000 usable=994 device=cuda seconds=1.413
2026-08-05 13:19:02 INFO   [DAI][BLOCK][BEGIN] range=2024-12-30~2024-12-31 days=2 global_pools=1206
2026-08-05 13:19:03 INFO   [DAI][BAR][FINISH] id=BAR-0033 reason=prefetch scale=1m range=2024-12-30~2024-12-31 rows=574800 returned_pools=1199 seconds=0.977
2026-08-05 13:19:03 INFO   [DAI][BAR][FINISH] id=BAR-0034 reason=prefetch scale=5m range=2024-12-30~2024-12-31 rows=114960 returned_pools=1199 seconds=0.271
2026-08-05 13:19:03 INFO   [DAI][BAR][FINISH] id=BAR-0035 reason=prefetch scale=15m range=2024-12-30~2024-12-31 rows=38320 returned_pools=1199 seconds=0.163
2026-08-05 13:19:03 INFO   [DAI][BAR][FINISH] id=BAR-0036 reason=prefetch scale=30m range=2024-12-30~2024-12-31 rows=19160 returned_pools=1199 seconds=0.118
2026-08-05 13:19:03 INFO   [DAI][BLOCK][END] range=2024-12-30~2024-12-31 days=2 global_pools=1206
2026-08-05 13:19:03 INFO [Predict_Feature] prefetched 2024-12-30 -> 2024-12-31 seconds=1.622
2026-08-05 13:19:05 INFO [Predict_Feature] day=2024-12-30 (241/242) pool=1000 usable=994 device=cuda seconds=1.477
2026-08-05 13:19:06 INFO [Predict_Feature] day=2024-12-31 (242/242) pool=1000 usable=995 device=cuda seconds=1.313
2026-08-05 13:19:06 INFO [Predict_Feature] all days done elapsed=432.7s frames=242 final_device=cuda
2026-08-05 13:19:06 INFO   [DAI][SUMMARY] instruments_attempts=1 instruments_failures=0 instruments_seconds=0.081 bar_attempts=36 bar_successes=36 bar_failures=0 bar_cache_hits=0 bar_rows=91477648 bar_seconds=68.623
2026-08-05 13:19:06 INFO   [DAI][SUMMARY][SCALE] scale=1m attempts=9 successes=9 failures=0 cache_hits=0 rows=69770880 seconds=47.334
2026-08-05 13:19:06 INFO   [DAI][SUMMARY][SCALE] scale=5m attempts=9 successes=9 failures=0 cache_hits=0 rows=14184000 seconds=12.297
2026-08-05 13:19:06 INFO   [DAI][SUMMARY][SCALE] scale=15m attempts=9 successes=9 failures=0 cache_hits=0 rows=4919472 seconds=5.640
2026-08-05 13:19:06 INFO   [DAI][SUMMARY][SCALE] scale=30m attempts=9 successes=9 failures=0 cache_hits=0 rows=2603296 seconds=3.352
